// Jest Snapshot v1, https://goo.gl/fbAQLP

exports[`getSalmonInfo dispatches RECEIVE_SALMON_INFO action 1`] = `
Object {
  "payload": Object {
    "arrivals": Array [
      Object {
        "abbreviation": "MLBR",
        "bikeflag": 1,
        "color": "RED",
        "destination": "Millbrae",
        "direction": "South",
        "hexcolor": "#ff0000",
        "length": 9,
        "limited": 0,
        "minutes": 6,
        "platform": 2,
      },
      Object {
        "abbreviation": "MLBR",
        "bikeflag": 1,
        "color": "RED",
        "destination": "Millbrae",
        "direction": "South",
        "hexcolor": "#ff0000",
        "length": 9,
        "limited": 0,
        "minutes": 21,
        "platform": 2,
      },
      Object {
        "abbreviation": "MLBR",
        "bikeflag": 1,
        "color": "RED",
        "destination": "Millbrae",
        "direction": "South",
        "hexcolor": "#ff0000",
        "length": 9,
        "limited": 0,
        "minutes": 34,
        "platform": 2,
      },
    ],
    "routes": Array [
      Object {
        "backwardsRideTime": 5,
        "backwardsRouteId": "ROUTE 3",
        "backwardsStation": "RICH",
        "backwardsTrain": Object {
          "abbreviation": "RICH",
          "bikeflag": 1,
          "color": "ORANGE",
          "destination": "Richmond",
          "direction": "North",
          "hexcolor": "#ff9933",
          "length": 6,
          "limited": 0,
          "minutes": 1,
          "platform": 1,
        },
        "backwardsWaitTime": 9,
        "returnRideTime": 4,
        "returnRouteId": "ROUTE 7",
        "returnTrain": Object {
          "abbreviation": "MLBR",
          "bikeflag": 1,
          "color": "RED",
          "destination": "Millbrae",
          "direction": "South",
          "hexcolor": "#ff0000",
          "length": 9,
          "limited": 0,
          "minutes": 15,
          "platform": 2,
        },
        "waitTime": 1,
      },
      Object {
        "backwardsRideTime": 4,
        "backwardsRouteId": "ROUTE 8",
        "backwardsStation": "RICH",
        "backwardsTrain": Object {
          "abbreviation": "RICH",
          "bikeflag": 1,
          "color": "RED",
          "destination": "Richmond",
          "direction": "North",
          "hexcolor": "#ff0000",
          "length": 9,
          "limited": 0,
          "minutes": 9,
          "platform": 1,
        },
        "backwardsWaitTime": 2,
        "returnRideTime": 4,
        "returnRouteId": "ROUTE 7",
        "returnTrain": Object {
          "abbreviation": "MLBR",
          "bikeflag": 1,
          "color": "RED",
          "destination": "Millbrae",
          "direction": "South",
          "hexcolor": "#ff0000",
          "length": 9,
          "limited": 0,
          "minutes": 15,
          "platform": 2,
        },
        "waitTime": 9,
      },
      Object {
        "backwardsRideTime": 5,
        "backwardsRouteId": "ROUTE 3",
        "backwardsStation": "RICH",
        "backwardsTrain": Object {
          "abbreviation": "RICH",
          "bikeflag": 1,
          "color": "ORANGE",
          "destination": "Richmond",
          "direction": "North",
          "hexcolor": "#ff9933",
          "length": 6,
          "limited": 0,
          "minutes": 1,
          "platform": 1,
        },
        "backwardsWaitTime": 23,
        "returnRideTime": 4,
        "returnRouteId": "ROUTE 7",
        "returnTrain": Object {
          "abbreviation": "MLBR",
          "bikeflag": 1,
          "color": "RED",
          "destination": "Millbrae",
          "direction": "South",
          "hexcolor": "#ff0000",
          "length": 9,
          "limited": 0,
          "minutes": 29,
          "platform": 2,
        },
        "waitTime": 1,
      },
    ],
  },
  "type": "RECEIVE_SALMON_INFO",
}
`;
