// Jest Snapshot v1, https://goo.gl/fbAQLP

exports[`getSalmonInfo dispatches RECEIVE_SALMON_INFO action 1`] = `
Object {
  "payload": Object {
    "arrivals": Array [
      Object {
        "abbreviation": "MLBR",
        "bikeflag": "1",
        "color": "RED",
        "delay": "0",
        "destination": "Millbrae",
        "direction": "South",
        "hexcolor": "#ff0000",
        "length": "10",
        "limited": "0",
        "minutes": 5,
        "platform": "2",
      },
      Object {
        "abbreviation": "MLBR",
        "bikeflag": "1",
        "color": "RED",
        "delay": "0",
        "destination": "Millbrae",
        "direction": "South",
        "hexcolor": "#ff0000",
        "length": "8",
        "limited": "0",
        "minutes": 20,
        "platform": "2",
      },
      Object {
        "abbreviation": "MLBR",
        "bikeflag": "1",
        "color": "RED",
        "delay": "0",
        "destination": "Millbrae",
        "direction": "South",
        "hexcolor": "#ff0000",
        "length": "9",
        "limited": "0",
        "minutes": 34,
        "platform": "2",
      },
    ],
    "routes": Array [
      Object {
        "backwardsRideTime": 4,
        "backwardsRouteId": "ROUTE 3",
        "backwardsStation": "RICH",
        "backwardsTrain": Object {
          "abbreviation": "RICH",
          "bikeflag": "1",
          "color": "ORANGE",
          "delay": "126",
          "destination": "Richmond",
          "direction": "North",
          "hexcolor": "#ff9933",
          "length": "9",
          "limited": "0",
          "minutes": 5,
          "platform": "1",
        },
        "backwardsWaitTime": 5,
        "returnRideTime": 4,
        "returnRouteId": "ROUTE 7",
        "returnTrain": Object {
          "abbreviation": "MLBR",
          "bikeflag": "1",
          "color": "RED",
          "delay": "0",
          "destination": "Millbrae",
          "direction": "South",
          "hexcolor": "#ff0000",
          "length": "8",
          "limited": "0",
          "minutes": 14,
          "platform": "2",
        },
        "waitTime": 5,
      },
      Object {
        "backwardsRideTime": 4,
        "backwardsRouteId": "ROUTE 3",
        "backwardsStation": "RICH",
        "backwardsTrain": Object {
          "abbreviation": "RICH",
          "bikeflag": "1",
          "color": "ORANGE",
          "delay": "126",
          "destination": "Richmond",
          "direction": "North",
          "hexcolor": "#ff9933",
          "length": "9",
          "limited": "0",
          "minutes": 5,
          "platform": "1",
        },
        "backwardsWaitTime": 19,
        "returnRideTime": 4,
        "returnRouteId": "ROUTE 7",
        "returnTrain": Object {
          "abbreviation": "MLBR",
          "bikeflag": "1",
          "color": "RED",
          "delay": "0",
          "destination": "Millbrae",
          "direction": "South",
          "hexcolor": "#ff0000",
          "length": "9",
          "limited": "0",
          "minutes": 28,
          "platform": "2",
        },
        "waitTime": 5,
      },
      Object {
        "backwardsRideTime": 4,
        "backwardsRouteId": "ROUTE 8",
        "backwardsStation": "RICH",
        "backwardsTrain": Object {
          "abbreviation": "RICH",
          "bikeflag": "1",
          "color": "RED",
          "delay": "373",
          "destination": "Richmond",
          "direction": "North",
          "hexcolor": "#ff0000",
          "length": "9",
          "limited": "0",
          "minutes": 16,
          "platform": "1",
        },
        "backwardsWaitTime": 8,
        "returnRideTime": 4,
        "returnRouteId": "ROUTE 7",
        "returnTrain": Object {
          "abbreviation": "MLBR",
          "bikeflag": "1",
          "color": "RED",
          "delay": "0",
          "destination": "Millbrae",
          "direction": "South",
          "hexcolor": "#ff0000",
          "length": "9",
          "limited": "0",
          "minutes": 28,
          "platform": "2",
        },
        "waitTime": 16,
      },
    ],
  },
  "type": "RECEIVE_SALMON_INFO",
}
`;
